// Jest Snapshot v1, https://goo.gl/fbAQLP

exports[`should render ExpensesSummary correctly 1`] = `
<div>
  <h1>
    Viewing 
     
    expenses
     totalling 
    $94.34
  </h1>
</div>
`;

exports[`should render ExpensesSummary with one expense correctly 1`] = `
<div>
  <h1>
    Viewing 
     
    expenses
     totalling 
    $94.34
  </h1>
</div>
`;
